1781893549448:help
1781893557417:ab
1781893565978:aa
1781893569666:ag
1781967147931:help
1781967151768:aa
1781967165697:ab
1781967171048:ag
1781967256305:exit
1782120611784:рудз
1782120614294:help
1782120623254:ab
1782120842535:help
1782120848814:ab
1782120972990:bbid 1
1782121513400:help
1782121518062:ab
1782121535775:bbid 1
1782121724255:help
1782121732013:ab
1782121746982:bbid 1
1782121834511:help
1782121839551:ab
1782121852189:bbid 1
1782122232871:help
1782122241110:ab
1782122251494:bbid 1
1782122274734:cbbid 1
1782122624328:help
1782122631324:ab
1782122641789:bbid 1
1782122663661:cbbid 1
1782123283102:help
1782123288053:ab
1782123377008:help
1782123385087:ab
1782124089559:help
1782124095870:aa
1782124099605:ab
1782124109134:cbbid 1
1782124115430:ag
1782128191431:help
1782128197792:aa
1782128207919:ab
1782128220559:bbid 1
1782128234479:cbid 1
1782128250288:ag
1782128265071:cbbid 1
1782299308025:help
1782299313336:aa
1782299323990:ab
1782299345030:cbbid 1
1782300488370:help
1782300499511:ab
1782300515495:cbbid 1
1782847600036:help
1782847607145:aa
1782847613228:ab
1782847622329:cbbid 1
1782847635513:bbid 1
1782847639933:ag
1783088867042:help
1783088876221:aa
1783088883229:ab
1783088897437:cbbid 1
1783088931197:bbid 1
1783088939557:ag
1783607231558:help
1783607243639:aa
1783607253406:ab
1783607279412:bbid 6a4fab44bd0df4e32320e2a3
1783607299934:cbid 6a4fab44bd0df4e32320e2a3
1783607317527:cbbid 6a4fab44bd0df4e32320e2a3
1783607330919:ag
1783613146965:help
1783613157131:aa
1783613182955:ab
1783613218378:cbbid 6a4fc6d3ee7c5cc20c6b2023
1783613238443:ag
1783683030316:help
1783683037514:aa
1783683071867:ab
1783683098467:cbbid 6a50d7cd8fd8a1f9bae9272b
1783683111843:cbid 6a50d7cd8fd8a1f9bae9272e
1783683116562:ag
