1782040393768:aa
1782040421383:exit
1782040442405:aa
1782040442687:exit
1782040462104:ag
1782040462374:exit
1782040482653:ab
1782040482939:exit
1782040499276:bbid 1
1782040499390:exit
1782040515888:cbbid 1
1782040516181:exit
1782040539351:cbid 1
1782040539454:cbid 99
1782040539457:exit
1782040566291:cins TestComment 2
1782040566430:cbbid 2
1782040566647:exit
1782040583878:cupd 1 UpdatedComment 1
1782040584019:cbid 1
1782040584026:exit
1782040604716:cdel 1
1782040604836:cbid 1
1782040604840:exit
1782040652426:bins NewBook 1 1,3
1782040652752:bbid 4
1782040652770:bupd 4 EditedBook 2 4,5
1782040652795:bbid 4
1782040652799:bdel 4
1782040652807:bbid 4
1782040652811:exit
